@  !"#¤%&'()*+,-./ 0123456789 :;<=>? @ABCDEFGHIJKLMNOPQRSTUVWXYZ [\]^_ `abcdefghijklmnopqrstuvwxyz {|}¯
A  !"£$%&'()*+,-./ 0123456789 :;<=>? @ABCDEFGHIJKLMNOPQRSTUVWXYZ [\]^_ `abcdefghijklmnopqrstuvwxyz {|}¯
B  !"#$%&'()*+,-./ 0123456789 :;<=>? @ABCDEFGHIJKLMNOPQRSTUVWXYZ [\]^_ `abcdefghijklmnopqrstuvwxyz {|}~
C  [0;7;34;46mxxxxxxxxxxxxxxx[0m [0;7;34;46mxxxxxxxxxx[0m [0;7;34;46mxxxxxx[0m [0;7;34;46mxxxxxxxxxxxxxxxxxxxxxxxxxxx[0m [0;7;34;46mxxxxx[0m [0;7;34;46mxxxxxxxxxxxxxxxxxxxxxxxxxxx[0m [0;7;34;46mxxxx[0m
D  [0;7;34;46mxxxxxxxxxxxxxxx[0m [0;7;34;46mxxxxxxxxxx[0m [0;7;34;46mxxxxxx[0m [0;7;34;46mxxxxxxxxxxxxxxxxxxxxxxxxxxx[0m [0;7;34;46mxxxxx[0m [0;7;34;46mxxxxxxxxxxxxxxxxxxxxxxxxxxx[0m [0;7;34;46mxxxx[0m
E  [0;7;34;46mxxxxxxxxxxxxxxx[0m [0;7;34;46mxxxxxxxxxx[0m [0;7;34;46mxxxxxx[0m [0;7;34;46mxxxxxxxxxxxxxxxxxxxxxxxxxxx[0m [0;7;34;46mxxxxx[0m [0;7;34;46mxxxxxxxxxxxxxxxxxxxxxxxxxxx[0m [0;7;34;46mxxxx[0m
F  [0;7;34;46mxxxxxxxxxxxxxxx[0m [0;7;34;46mxxxxxxxxxx[0m [0;7;34;46mxxxxxx[0m [0;7;34;46mxxxxxxxxxxxxxxxxxxxxxxxxxxx[0m [0;7;34;46mxxxxx[0m [0;7;34;46mxxxxxxxxxxxxxxxxxxxxxxxxxxx[0m [0;7;34;46mxxxx[0m
G  !"#¤%&'()*+,-./ 0123456789 :;<=>? @ABCDEFGHIJKLMNOPQRSTUVWXYZ ÄÖÅ^_ `abcdefghijklmnopqrstuvwxyz äöå¯ 
H  !"#¤%&'()*+,-./ 0123456789 :;<=>? ÉABCDEFGHIJKLMNOPQRSTUVWXYZ ÄÖÅÜ_ éabcdefghijklmnopqrstuvwxyz äöåü 
I  ｡｢｣､･ｦｧｨｩｪｫｬｭｮｯ ｰｱｲｳｴｵｶｷｸｹ ｺｻｼｽｾｿ ﾀﾁﾂﾃﾄﾅﾆﾇﾈﾉﾊﾋﾌﾍﾎﾏﾐﾑﾒﾓﾔﾕﾖﾗﾘﾙﾚ ﾛﾜﾝﾞﾟ [0;7;34;46m...........................[0m [0;7;34;46m....[0m 
J  !"#$%&'()*+,-./ 0123456789 :;<=>? @ABCDEFGHIJKLMNOPQRSTUVWXYZ [¥]^_ `abcdefghijklmnopqrstuvwxyz {|}¯ 
K  !"#$%&'()*+,-./ 0123456789 :;<=>? §ABCDEFGHIJKLMNOPQRSTUVWXYZ ÄÖÜ^_ `abcdefghijklmnopqrstuvwxyz äöüß 
L  !"#¤%&'()*+,-./ 0123456789 :;<=>? §ABCDEFGHIJKLMNOPQRSTUVWXYZ ÃÇÕ^_ `abcdefghijklmnopqrstuvwxyz ãçõ° 
M  [0;7;34;46mxxxxxxxxxxxxxxx[0m [0;7;34;46mxxxxxxxxxx[0m [0;7;34;46mxxxxxx[0m [0;7;34;46mxxxxxxxxxxxxxxxxxxxxxxxxxxx[0m [0;7;34;46mxxxxx[0m [0;7;34;46mxxxxxxxxxxxxxxxxxxxxxxxxxxx[0m [0;7;34;46mxxxx[0m
N  !"#$%&'()*+,-./ 0123456789 :;<=>? юабцдефгхийклмнопярстужвьыз шэщчъ ЮАБЦДЕФГХИЙКЛМНОПЯРСТУЖВЬЫЗ ШЭЩЧ 
O  [0;7;34;46mxxxxxxxxxxxxxxx[0m [0;7;34;46mxxxxxxxxxx[0m [0;7;34;46mxxxxxx[0m [0;7;34;46mxxxxxxxxxxxxxxxxxxxxxxxxxxx[0m [0;7;34;46mxxxxx[0m [0;7;34;46mxxxxxxxxxxxxxxxxxxxxxxxxxxx[0m [0;7;34;46mxxxx[0m
P  `´¨~᾿῾ͺ[0;7;34;46m........[0m «»”“ʹ͵[0;7;34;46m....[0m [0;7;34;46m.[0m·[0;7;34;46m...[0m; [0;7;34;46m.[0mΑΒ[0;7;34;46m.[0mΓΔΕϚϜΖΗΘΙΚΛΜΝΞΟΠϘΡΣ[0;7;34;46m.[0mΤΥΦ ΧΨΩϠ[0;7;34;46m.[0m [0;7;34;46m.[0mαβϐγδεϛϝζηθικλμνοξπϙρσςτυφ χψωϡ
Q  [0;7;34;46mxxxxxxxxxxxxxxx[0m [0;7;34;46mxxxxxxxxxx[0m [0;7;34;46mxxxxxx[0m [0;7;34;46mxxxxxxxxxxxxxxxxxxxxxxxxxxx[0m [0;7;34;46mxxxxx[0m [0;7;34;46mxxxxxxxxxxxxxxxxxxxxxxxxxxx[0m [0;7;34;46mxxxx[0m
R  !"#£%&'()*+,-./ 0123456789 :;<=>? àABCDEFGHIJKLMNOPQRSTUVWXYZ °ç§^_ µabcdefghijklmnopqrstuvwxyz éùè¨ 
S  [0;7;34;46mxxxxxxxxxxxxxxx[0m [0;7;34;46mxxxxxxxxxx[0m [0;7;34;46mxxxxxx[0m [0;7;34;46mxxxxxxxxxxxxxxxxxxxxxxxxxxx[0m [0;7;34;46mxxxxx[0m [0;7;34;46mxxxxxxxxxxxxxxxxxxxxxxxxxxx[0m [0;7;34;46mxxxx[0m
T  !"#¥%&'()*+,-./ 0123456789 :;<=>? @ABCDEFGHIJKLMNOPQRSTUVWXYZ [\]^_ `abcdefghijklmnopqrstuvwxyz {|}¯ 
U  [0;7;34;46mxxxxxxxxxxxxxxx[0m [0;7;34;46mxxxxxxxxxx[0m [0;7;34;46mxxxxxx[0m [0;7;34;46mxxxxxxxxxxxxxxxxxxxxxxxxxxx[0m [0;7;34;46mxxxxx[0m [0;7;34;46mxxxxxxxxxxxxxxxxxxxxxxxxxxx[0m [0;7;34;46mxxxx[0m
V  [0;7;34;46mxxxxxxxxxxxxxxx[0m [0;7;34;46mxxxxxxxxxx[0m [0;7;34;46mxxxxxx[0m [0;7;34;46mxxxxxxxxxxxxxxxxxxxxxxxxxxx[0m [0;7;34;46mxxxxx[0m [0;7;34;46mxxxxxxxxxxxxxxxxxxxxxxxxxxx[0m [0;7;34;46mxxxx[0m
W  [0;7;34;46m...[0m$%[0;7;34;46m.[0m'()*+,-./ 0123456789 :;<=>[0;7;34;46m.[0m [0;7;34;46m.[0mABCDEFGHIJKLMNOPQRSTUVWXYZ [[0;7;34;46m.[0m][0;7;34;46m..[0m [0;7;34;46m.[0mabcdefghijklmnopqrstuvwxyz [0;7;34;46m.[0m|[0;7;34;46m..[0m 
X  [0;7;34;46mxxxxxxxxxxxxxxx[0m [0;7;34;46mxxxxxxxxxx[0m [0;7;34;46mxxxxxx[0m [0;7;34;46mxxxxxxxxxxxxxxxxxxxxxxxxxxx[0m [0;7;34;46mxxxxx[0m [0;7;34;46mxxxxxxxxxxxxxxxxxxxxxxxxxxx[0m [0;7;34;46mxxxx[0m
Y  !"#£%&'()*+,-./ 0123456789 :;<=>? §ABCDEFGHIJKLMNOPQRSTUVWXYZ °çé^_ ùabcdefghijklmnopqrstuvwxyz àòèì 
Z  [0;7;34;46mxxxxxxxxxxxxxxx[0m [0;7;34;46mxxxxxxxxxx[0m [0;7;34;46mxxxxxx[0m [0;7;34;46mxxxxxxxxxxxxxxxxxxxxxxxxxxx[0m [0;7;34;46mxxxxx[0m [0;7;34;46mxxxxxxxxxxxxxxxxxxxxxxxxxxx[0m [0;7;34;46mxxxx[0m
[  [0;7;34;46mxxxxxxxxxxxxxxx[0m [0;7;34;46mxxxxxxxxxx[0m [0;7;34;46mxxxxxx[0m [0;7;34;46mxxxxxxxxxxxxxxxxxxxxxxxxxxx[0m [0;7;34;46mxxxxx[0m [0;7;34;46mxxxxxxxxxxxxxxxxxxxxxxxxxxx[0m [0;7;34;46mxxxx[0m 
\  [0;7;34;46mxxxxxxxxxxxxxxx[0m [0;7;34;46mxxxxxxxxxx[0m [0;7;34;46mxxxxxx[0m [0;7;34;46mxxxxxxxxxxxxxxxxxxxxxxxxxxx[0m [0;7;34;46mxxxxx[0m [0;7;34;46mxxxxxxxxxxxxxxxxxxxxxxxxxxx[0m [0;7;34;46mxxxx[0m 
]  [0;7;34;46m...............[0m [0;7;34;46m..........[0m αβγσΞ[0;7;34;46m.[0m [0;7;34;46m...........................[0m [0;7;34;46m...[0m→∫ ⁰ⁱ²³⁴⁵⁶⁷⁸⁹√ΔΣΩ₀₁₂₃₄₅₆₇₈₉Σμν ωπ[0;7;34;46m..[0m 
_  [0;7;34;46mxxxxxxxxxxxxxxx[0m [0;7;34;46mxxxxxxxxxx[0m [0;7;34;46mxxxxxx[0m [0;7;34;46mxxxxxxxxxxxxxxxxxxxxxxxxxxx[0m [0;7;34;46mxxxxx[0m [0;7;34;46mxxxxxxxxxxxxxxxxxxxxxxxxxxx[0m [0;7;34;46mxxxx[0m 
`  !"#$%&'()*+,-./ 0123456789 :;<=>? @ABCDEFGHIJKLMNOPQRSTUVWXYZ ÆØÅ^_ `abcdefghijklmnopqrstuvwxyz æøå¯ 
a  !"#§%&'()*+,-./ 0123456789 :;<=>? @ABCDEFGHIJKLMNOPQRSTUVWXYZ ÆØÅ^_ `abcdefghijklmnopqrstuvwxyz æøå| 
b  ¡¢£$¥#§¤‘“«←↑→↓ °±²³×µ¶·÷’ ”»¼½¾¿  ̈́ ̀ ́ ̂ ̃ ̄ ̆ ̇ ̈[0;7;34;46m.[0m ̊ ̧[0;7;34;46m.[0m ̋ ̨ ̌―¹®©™♪[0;7;34;46m.....[0m [0;7;34;46m.[0m⅘⅜⅝⅞ ΩÆÐªĦ[0;7;34;46m.[0mĲĿŁØŒºÞŦŊŉĸæđðħıĳŀłøœ ßþŧŋ
c  [0;7;34;46m.[0m[0;7;34;46m.[0m[0;7;34;46m.[0m[0;7;34;46m.[0m[0;7;34;46m.[0m[0;7;34;46m.[0m[0;7;34;46m.[0m[0;7;34;46m.[0m[0;7;34;46m.[0m[0;7;34;46m.[0m[0;7;34;46m.[0m[0;7;34;46m.[0m[0;7;34;46m.[0m[0;7;34;46m.[0m[0;7;34;46m.[0m [0;7;34;46m.[0m[0;7;34;46m.[0m[0;7;34;46m.[0m[0;7;34;46m.[0m[0;7;34;46m.[0m▌[0;7;34;46m.[0m[0;7;34;46m.[0m[0;7;34;46m.[0m[0;7;34;46m.[0m [0;7;34;46m.[0m[0;7;34;46m.[0m[0;7;34;46m.[0m[0;7;34;46m.[0m[0;7;34;46m.[0m[0;7;34;46m.[0m [0;7;34;46m.[0m[0;7;34;46m.[0m[0;7;34;46m.[0m[0;7;34;46m.[0m[0;7;34;46m.[0m◣[0;7;34;46m.[0m[0;7;34;46m.[0m[0;7;34;46m.[0m[0;7;34;46m.[0m[0;7;34;46m.[0m[0;7;34;46m.[0m[0;7;34;46m.[0m[0;7;34;46m.[0m[0;7;34;46m.[0m[0;7;34;46m.[0m[0;7;34;46m.[0m[0;7;34;46m.[0m[0;7;34;46m.[0m[0;7;34;46m.[0m[0;7;34;46m.[0m◢[0;7;34;46m.[0m[0;7;34;46m.[0m[0;7;34;46m.[0m[0;7;34;46m.[0m[0;7;34;46m.[0m [0;7;34;46m.[0m[0;7;34;46m.[0m[0;7;34;46m.[0m[0;7;34;46m.[0m█ [0;7;34;46m.[0m[0;7;34;46m.[0m[0;7;34;46m.[0m[0;7;34;46m.[0m[0;7;34;46m.[0m[0;7;34;46m.[0m[0;7;34;46m.[0m[0;7;34;46m.[0m[0;7;34;46m.[0m[0;7;34;46m.[0m▐[0;7;34;46m................[0m [0;7;34;46m....[0m
d  [0;7;34;46mxxxxxxxxxxxxxxx[0m [0;7;34;46mxxxxxxxxxx[0m [0;7;34;46mxxxxxx[0m [0;7;34;46mxxxxxxxxxxxxxxxxxxxxxxxxxxx[0m [0;7;34;46mxxxxx[0m [0;7;34;46mxxxxxxxxxxxxxxxxxxxxxxxxxxx[0m [0;7;34;46mxxxx[0m
e  ¨)<≤=>]∨∧≠÷,+./ 0123456789 ([;×:\ ¯⍺⊥∩⌊∊_∇∆⍳∘'⎕|⊤○*?⍴⌈~↓∪⍵⊃↑⊂ ←⊢→≥− ⋄ABCDEFGHIJKLMNOPQRSTUVWXYZ {⊣}$ 
f  !"#£%&'()*+,-./ 0123456789 :;<=>? àABCDEFGHIJKLMNOPQRSTUVWXYZ °ç§^_ µabcdefghijklmnopqrstuvwxyz éùè¨ 
g  !"#¤%&'()*+,-./ 0123456789 :;<=>? ´ABCDEFGHIJKLMNOPQRSTUVWXYZ ÃÇÕ^_ `abcdefghijklmnopqrstuvwxyz ãçõ¯ 
h  !"#$%&'()*+,-./ 0123456789 :;<=>? ·ABCDEFGHIJKLMNOPQRSTUVWXYZ ¡ÑÇ¿_ `abcdefghijklmnopqrstuvwxyz ´ñç¨ 
i  !"#¤%&'()*+,-./ 0123456789 :;<=>? ÁABCDEFGHIJKLMNOPQRSTUVWXYZ ÉÖÜ^_ áabcdefghijklmnopqrstuvwxyz éöü˝ 
j  [0;7;34;46mxxxxxxxxxxxxxxx[0m [0;7;34;46mxxxxxxxxxx[0m [0;7;34;46mxxxxxx[0m [0;7;34;46mxxxxxxxxxxxxxxxxxxxxxxxxxxx[0m [0;7;34;46mxxxxx[0m [0;7;34;46mxxxxxxxxxxxxxxxxxxxxxxxxxxx[0m [0;7;34;46mxxxx[0m
k  [0;7;34;46mxxxxxxxxxxxxxxx[0m [0;7;34;46mxxxxxxxxxx[0m [0;7;34;46mxxxxxx[0m [0;7;34;46mxxxxxxxxxxxxxxxxxxxxxxxxxxx[0m [0;7;34;46mxxxxx[0m [0;7;34;46mxxxxxxxxxxxxxxxxxxxxxxxxxxx[0m [0;7;34;46mxxxx[0m
l  [0;7;34;46mxxxxxxxxxxxxxxx[0m [0;7;34;46mxxxxxxxxxx[0m [0;7;34;46mxxxxxx[0m [0;7;34;46mxxxxxxxxxxxxxxxxxxxxxxxxxxx[0m [0;7;34;46mxxxxx[0m [0;7;34;46mxxxxxxxxxxxxxxxxxxxxxxxxxxx[0m [0;7;34;46mxxxx[0m
m  [0;7;34;46m.[0m"£$%&'()*+,-./ 0123456789 :;⑀=⑁? [0;7;34;46m.[0mABCDEFGHIJKLMNOPQRSTUVWXYZ [0;7;34;46m.[0m¥⑂[0;7;34;46m..[0m [0;7;34;46m...........................[0m [0;7;34;46m....[0m 
n  !"#$%&'()*+,-./ 0123456789 :;<=>? @ABCDEFGHIJKLMNOPQRSTUVWXYZ [¥]^_ [0;7;34;46m.[0mabcdefghijklmnopqrstuvwxyz {|}[0;7;34;46m.[0m 
o  [0;7;34;46m..[0m£¤\[0;7;34;46m.[0m§[0;7;34;46m........[0m [0;7;34;46m..........[0m [0;7;34;46m......[0m [0;7;34;46m...........................[0m [0;7;34;46m.....[0m [0;7;34;46m...........................[0m [0;7;34;46m....[0m 
p  !"#$%&'()*+,-./ 0123456789 :;<=>? @ABCDEFGHIJKLMNOPQRSTUVWXYZ [¥]^_ [0;7;34;46m...........................[0m [0;7;34;46m.[0m|[0;7;34;46m..[0m 
q  [0;7;34;46m....[0m\[0;7;34;46m..........[0m [0;7;34;46m..........[0m [0;7;34;46m......[0m [0;7;34;46m...........................[0m [0;7;34;46m.....[0m [0;7;34;46m...........................[0m [0;7;34;46m....[0m 
r  [0;7;34;46m.[0m｢｣[0;7;34;46m..[0mｦ[0;7;34;46m.........[0m ｰｱｲｳｴｵｶｷｸｹ ｺｻｼｽｾｿ ﾀﾁﾂﾃﾄﾅﾆﾇﾈﾉﾊﾋﾌﾍﾎﾏﾐﾑﾒﾓﾔﾕﾖﾗﾘﾙﾚ ﾛﾜﾝﾞﾟ [0;7;34;46m...........................[0m [0;7;34;46m....[0m 
s  [0;7;34;46mxxxxxxxxxxxxxxx[0m [0;7;34;46mxxxxxxxxxx[0m [0;7;34;46mxxxxxx[0m [0;7;34;46mxxxxxxxxxxxxxxxxxxxxxxxxxxx[0m [0;7;34;46mxxxxx[0m [0;7;34;46mxxxxxxxxxxxxxxxxxxxxxxxxxxx[0m [0;7;34;46mxxxx[0m
t  [0;7;34;46mxxxxxxxxxxxxxxx[0m [0;7;34;46mxxxxxxxxxx[0m [0;7;34;46mxxxxxx[0m [0;7;34;46mxxxxxxxxxxxxxxxxxxxxxxxxxxx[0m [0;7;34;46mxxxxx[0m [0;7;34;46mxxxxxxxxxxxxxxxxxxxxxxxxxxx[0m [0;7;34;46mxxxx[0m
u  [0;7;34;46mxxxxxxxxxxxxxxx[0m [0;7;34;46mxxxxxxxxxx[0m [0;7;34;46mxxxxxx[0m [0;7;34;46mxxxxxxxxxxxxxxxxxxxxxxxxxxx[0m [0;7;34;46mxxxxx[0m [0;7;34;46mxxxxxxxxxxxxxxxxxxxxxxxxxxx[0m [0;7;34;46mxxxx[0m
v  [0;7;34;46mxxxxxxxxxxxxxxx[0m [0;7;34;46mxxxxxxxxxx[0m [0;7;34;46mxxxxxx[0m [0;7;34;46mxxxxxxxxxxxxxxxxxxxxxxxxxxx[0m [0;7;34;46mxxxxx[0m [0;7;34;46mxxxxxxxxxxxxxxxxxxxxxxxxxxx[0m [0;7;34;46mxxxx[0m
w  !"#$%&'()*+,-./ 0123456789 :;<=>? àABCDEFGHIJKLMNOPQRSTUVWXYZ âçêî_ ôabcdefghijklmnopqrstuvwxyz éùèû 
x  !"#$%&'()*+,-./ 0123456789 :;<=>? àABCDEFGHIJKLMNOPQRSTUVWXYZ âçêÉ_ ôabcdefghijklmnopqrstuvwxyz éùèû 
y  [0;7;34;46mxxxxxxxxxxxxxxx[0m [0;7;34;46mxxxxxxxxxx[0m [0;7;34;46mxxxxxx[0m [0;7;34;46mxxxxxxxxxxxxxxxxxxxxxxxxxxx[0m [0;7;34;46mxxxxx[0m [0;7;34;46mxxxxxxxxxxxxxxxxxxxxxxxxxxx[0m [0;7;34;46mxxxx[0m
z  !"#$%&'()*+,-./ 0123456789 :;<=>? ŽABCDEFGHIJKLMNOPQRSTUVWXYZ ŠĐĆČ_ žabcdefghijklmnopqrstuvwxyz šđćč 
!A !"#¤%&'()*+,-./ 0123456789 :;<=>? @ABCDEFGHIJKLMNOPQRSTUVWXYZ ¡Ñ]¿_ `abcdefghijklmnopqrstuvwxyz ´ñ[¨ 
!B !"[0;7;34;46m..[0m%&'()*+,-./ 0123456789 :;<=>? [0;7;34;46m.[0mABCDEFGHIJKLMNOPQRSTUVWXYZ [0;7;34;46m....[0m_ [0;7;34;46m.[0mabcdefghijklmnopqrstuvwxyz [0;7;34;46m....[0m 
!C !"£¤%&'()*+,-./ 0123456789 :;<=>? ÓABCDEFGHIJKLMNOPQRSTUVWXYZ ÉÍÚÁ_ óabcdefghijklmnopqrstuvwxyz éíúá 
